
      <div class="ids-notification-banner" part="container" type="success">
        <ids-alert icon="success"></ids-alert>
        <div class="ids-notification-banner-message " part="message">
          <ids-text class="message" overflow="ellipsis">DTO accepted by your manager for Sept 30, 2023.</ids-text>
        </div>

        <div class="ids-notification-banner-link" part="link">
          <ids-hyperlink font-size="16" href="https://infor.com" target="_blank" role="link">Click to view</ids-hyperlink>
        </div>

        <div class="ids-notification-banner-button" part="button">
          <ids-button appearance="tertiary">
            <span class="audible">Close Button</span>
            <ids-icon icon="close" size="small" style="--ids-icon-height-default: 16px; --ids-icon-width-default: 16px;"></ids-icon>
          </ids-button>
        </div>
      </div>
    