// Jest Snapshot v1, https://goo.gl/fbAQLP

exports[`IdsLineChart Component supports short labels 1`] = `"<a href=\\"#\\"><div class=\\"swatch color-1\\"></div>Component A</a><a href=\\"#\\"><div class=\\"swatch color-2\\"></div>Component B</a><a href=\\"#\\"><div class=\\"swatch color-3\\"></div>Component C</a>"`;
