
      <div class="ids-breadcrumb">
        <div class="ids-breadcrumb-menu hidden">
          <ids-menu-button id="icon-button" menu="icon-menu" aria-controls="icon-menu" aria-haspopup="menu">
            <ids-icon icon="more"></ids-icon>
            <span class="audible">Icon Only Button</span>
          </ids-menu-button>
          <ids-popup-menu id="icon-menu" target="#icon-button" trigger-type="click" hidden="">
            <ids-menu-group role="group" aria-label="Menu group containing 0 item(s)">
            </ids-menu-group>
          </ids-popup-menu>
        </div>
        <nav part="breadcrumb">
          <slot></slot>
        </nav>
      </div>