<ids-overlay></ids-overlay><ids-popup part="modal" class="ids-modal ids-about can-fullsize" type="modal" position-style="viewport" align="center" animated="" animation-style="scale-in">
      <div class="ids-modal-container" slot="content"><ids-modal-button class="modal-control-close right" slot="buttons" appearance="tertiary" css-class="ids-icon-button ids-modal-icon-button" cancel="">
      <span class="audible">Close modal</span>
      <ids-icon icon="close"></ids-icon>
    </ids-modal-button>
        <div class="ids-modal-header">
          <slot name="icon"></slot>
          <slot name="appName"></slot>
        </div>
        <slot name="buttons"></slot>
        <div class="ids-modal-content-wrapper">
          <div class="ids-modal-content" tabindex="0">
            <slot name="product"></slot>
            <slot name="content"></slot>
            <slot name="copyright"></slot>
            <slot name="device"></slot>
          </div>
        </div>
      </div>
    </ids-popup>