<ids-about id="about-example" product-name="Controls Example Application" product-version="Version No. XX" aria-label="IDS Enterprise Controls Example Application Version No. XX" role="dialog" fullsize="sm" respond-down="sm" show-close-button="right">
      <ids-icon slot="icon" icon="logo-white-trademark" viewbox="0 0 35 34" size="xxl" style="--ids-icon-height-default: 64px; --ids-icon-width-default: 64px;"></ids-icon>
      <ids-text id="about-example-name" slot="appName" type="h1" font-size="24" font-weight="semi-bold">IDS Enterprise</ids-text>
      <ids-text id="about-example-content" slot="content" type="p">Fashionable components for fashionable applications.</ids-text>
    <ids-text slot="device" type="p">
        <span>Platform : MacIntel</span><br>
        <span>Mobile : false</span><br>
        <span>Browser : Chrome (119)</span><br>
        <span>Locale : en-US</span><br>
        <span>Language : en</span><br>
        <span>Browser language : en-US</span><br>
        <span>IDS version : 1.0.0-beta.16</span>
      </ids-text><ids-text slot="copyright" type="p">Copyright © 2023 Infor. All rights reserved. The word and design marks set forth herein are trademarks and/or registered trademarks of Infor and/or its affiliates and subsidiaries. All other trademarks listed herein are the property of their respective owners <ids-hyperlink target="_blank" href="https://www.infor.com" role="link">www.infor.com</ids-hyperlink>.</ids-text><ids-text slot="product" type="p">Controls Example Application Version No. XX</ids-text></ids-about>