// Jest Snapshot v1, https://goo.gl/fbAQLP

exports[`IdsTooltip Component renders correctly 1`] = `
"<ids-popup part="popup" id="ids-tooltip" exportparts="popup: tooltip-popup, arrow: tooltip-arrow, arrow-top: tooltip-arrow-top, arrow-right: tooltip-arrow-right, arrow-bottom: tooltip-arrow-bottom, arrow-left: tooltip-arrow-left" align="center" position-style="absolute">
        <div class="ids-tooltip" slot="content" part="tooltip">
          <slot></slot>
        </div>
        </ids-popup>
      "
`;
