// Jest Snapshot v1, https://goo.gl/fbAQLP

exports[`IdsTooltip Component renders correctly 1`] = `
"<style nonce=\\"0a59a005\\">.ids-tooltip { background-color: transparent; }</style><ids-popup part=\\"popup\\" id=\\"ids-tooltip\\" language=\\"en\\" locale=\\"en-US\\" align=\\"center\\">
        <div class=\\"ids-tooltip\\" slot=\\"content\\" part=\\"tooltip\\">
          <slot></slot>
        </div>
        </ids-popup>
      "
`;
