
      <div class="ids-checkbox" part="root">
        <label class="ids-label-text" part="label">
          <input part="input" type="checkbox" class="checkbox">
          <span class="checkmark" part="checkmark"></span>
          <ids-text class="label-checkbox" part="label-checkbox">Unchecked</ids-text>
        </label>
      </div>
    