// Jest Snapshot v1, https://goo.gl/fbAQLP

exports[`IdsMultiselect Component renders correctly 1`] = `
"<ids-multiselect id=\\"multiselect-1\\" label=\\"Normal Multiselect\\" value=\\"opt2\\" dirty-tracker=\\"true\\" role=\\"combobox\\" aria-expanded=\\"false\\" aria-autocomplete=\\"list\\" aria-haspopup=\\"listbox\\" aria-description=\\"Press Down arrow to select\\" aria-controls=\\"ids-list-box-multiselect-1\\">
      <ids-list-box id=\\"ids-list-box-multiselect-1\\" role=\\"listbox\\" tabindex=\\"0\\">
        <ids-list-box-option value=\\"opt1\\" id=\\"opt1\\" role=\\"option\\" tabindex=\\"-1\\"><ids-checkbox label=\\"Option One\\" class=\\"justify-center\\"></ids-checkbox></ids-list-box-option>
        <ids-list-box-option value=\\"opt2\\" id=\\"opt2\\" role=\\"option\\" tabindex=\\"-1\\"><ids-checkbox label=\\"Option Two\\" class=\\"justify-center\\"></ids-checkbox></ids-list-box-option>
        <ids-list-box-option value=\\"opt3\\" id=\\"opt3\\" role=\\"option\\" tabindex=\\"-1\\"><ids-checkbox label=\\"Option Three\\" class=\\"justify-center\\"></ids-checkbox></ids-list-box-option>
        <ids-list-box-option value=\\"opt4\\" id=\\"opt4\\" role=\\"option\\" tabindex=\\"-1\\"><ids-checkbox label=\\"Option Four\\" class=\\"justify-center\\"></ids-checkbox></ids-list-box-option>
        <ids-list-box-option value=\\"opt5\\" id=\\"opt5\\" role=\\"option\\" tabindex=\\"-1\\"><ids-checkbox label=\\"Option Five\\" class=\\"justify-center\\"></ids-checkbox></ids-list-box-option>
        <ids-list-box-option value=\\"opt6\\" id=\\"opt6\\" role=\\"option\\" tabindex=\\"-1\\"><ids-checkbox label=\\"Option Six\\" class=\\"justify-center\\"></ids-checkbox></ids-list-box-option>
      </ids-list-box>
    </ids-multiselect>"
`;
