<div class="ids-step-chart"><div class="step-label-container"><ids-text class="label" id="chart-label" font-size="16">7 of 7 steps completed</ids-text><div class="secondary-label"><ids-text class="completed-label" font-size="14"></ids-text><slot name="icon"></slot></div></div><div class="step-chart-container" part="step-chart"> <div class="step complete" color="green06" part="step"></div><div class="step complete" color="green06" part="step"></div><div class="step complete" color="green06" part="step"></div><div class="step complete" color="green06" part="step"></div><div class="step complete" color="green06" part="step"></div><div class="step complete" color="green06" part="step"></div><div class="step complete" color="green06" part="step"></div> </div></div>
