
      <div class="ids-list-builder">
        <div class="toolbar-container" part="toolbar-container">
          <slot name="toolbar"></slot>
        </div>
        
      <div class="ids-list-view-search" part="search"><slot name="search"></slot></div>
      
      <div class="ids-list-view selectable-single" style="height: 310px;">
        <div class="ids-list-view-body" role="listbox" aria-label="Ids list view">
          <ids-swappable selection="single" dropzone="move">
            
        <ids-swappable-item role="listitem" tabindex="0" tabbable="true" index="0" id="id_item_1" aria-posinset="1" aria-setsize="20" drag-mode="select" draggable="false">
          <div part="list-item" role="option" index="0" class="sortable" aria-posinset="1" aria-setsize="20" tabindex="0">
            
            <ids-text font-size="16" type="span">Jamis Bicycles</ids-text>
          
          </div>
        </ids-swappable-item>
      
        <ids-swappable-item role="listitem" tabindex="-1" tabbable="true" index="1" id="id_item_2" aria-posinset="2" aria-setsize="20" drag-mode="select" draggable="false">
          <div part="list-item" role="option" index="1" class="sortable" aria-posinset="2" aria-setsize="20" tabindex="-1">
            
            <ids-text font-size="16" type="span">Trek Bicycle Corporation</ids-text>
          
          </div>
        </ids-swappable-item>
      
        <ids-swappable-item role="listitem" tabindex="-1" tabbable="true" index="2" id="id_item_3" aria-posinset="3" aria-setsize="20" drag-mode="select" draggable="false">
          <div part="list-item" role="option" index="2" class="sortable" aria-posinset="3" aria-setsize="20" tabindex="-1">
            
            <ids-text font-size="16" type="span">Santa Cruz</ids-text>
          
          </div>
        </ids-swappable-item>
      
        <ids-swappable-item role="listitem" tabindex="-1" tabbable="true" index="3" id="id_item_4" aria-posinset="4" aria-setsize="20" drag-mode="select" draggable="false">
          <div part="list-item" role="option" index="3" class="sortable" aria-posinset="4" aria-setsize="20" tabindex="-1">
            
            <ids-text font-size="16" type="span">Tomac</ids-text>
          
          </div>
        </ids-swappable-item>
      
        <ids-swappable-item role="listitem" tabindex="-1" tabbable="true" index="4" id="id_item_5" aria-posinset="5" aria-setsize="20" drag-mode="select" draggable="false">
          <div part="list-item" role="option" index="4" class="sortable" aria-posinset="5" aria-setsize="20" tabindex="-1">
            
            <ids-text font-size="16" type="span">Gary Fisher</ids-text>
          
          </div>
        </ids-swappable-item>
      
        <ids-swappable-item role="listitem" tabindex="-1" tabbable="true" index="5" id="id_item_6" aria-posinset="6" aria-setsize="20" drag-mode="select" draggable="false">
          <div part="list-item" role="option" index="5" class="sortable" aria-posinset="6" aria-setsize="20" tabindex="-1">
            
            <ids-text font-size="16" type="span">Turner Bikes</ids-text>
          
          </div>
        </ids-swappable-item>
      
        <ids-swappable-item role="listitem" tabindex="-1" tabbable="true" index="6" id="id_item_7" aria-posinset="7" aria-setsize="20" drag-mode="select" draggable="false">
          <div part="list-item" role="option" index="6" class="sortable" aria-posinset="7" aria-setsize="20" tabindex="-1">
            
            <ids-text font-size="16" type="span">Giant Manufacturing</ids-text>
          
          </div>
        </ids-swappable-item>
      
        <ids-swappable-item role="listitem" tabindex="-1" tabbable="true" index="7" id="id_item_8" aria-posinset="8" aria-setsize="20" drag-mode="select" draggable="false">
          <div part="list-item" role="option" index="7" class="sortable" aria-posinset="8" aria-setsize="20" tabindex="-1">
            
            <ids-text font-size="16" type="span">Ventana</ids-text>
          
          </div>
        </ids-swappable-item>
      
        <ids-swappable-item role="listitem" tabindex="-1" tabbable="true" index="8" id="id_item_9" aria-posinset="9" aria-setsize="20" drag-mode="select" draggable="false">
          <div part="list-item" role="option" index="8" class="sortable" aria-posinset="9" aria-setsize="20" tabindex="-1">
            
            <ids-text font-size="16" type="span">Kona</ids-text>
          
          </div>
        </ids-swappable-item>
      
        <ids-swappable-item role="listitem" tabindex="-1" tabbable="true" index="9" id="id_item_10" aria-posinset="10" aria-setsize="20" drag-mode="select" draggable="false">
          <div part="list-item" role="option" index="9" class="sortable" aria-posinset="10" aria-setsize="20" tabindex="-1">
            
            <ids-text font-size="16" type="span">Bianchi</ids-text>
          
          </div>
        </ids-swappable-item>
      
        <ids-swappable-item role="listitem" tabindex="-1" tabbable="true" index="10" id="id_item_11" aria-posinset="11" aria-setsize="20" drag-mode="select" draggable="false">
          <div part="list-item" role="option" index="10" class="sortable" aria-posinset="11" aria-setsize="20" tabindex="-1">
            
            <ids-text font-size="16" type="span">Ibis</ids-text>
          
          </div>
        </ids-swappable-item>
      
        <ids-swappable-item role="listitem" tabindex="-1" tabbable="true" index="11" id="id_item_12" aria-posinset="12" aria-setsize="20" drag-mode="select" draggable="false">
          <div part="list-item" role="option" index="11" class="sortable" aria-posinset="12" aria-setsize="20" tabindex="-1">
            
            <ids-text font-size="16" type="span">KHS</ids-text>
          
          </div>
        </ids-swappable-item>
      
        <ids-swappable-item role="listitem" tabindex="-1" tabbable="true" index="12" id="id_item_13" aria-posinset="13" aria-setsize="20" drag-mode="select" draggable="false">
          <div part="list-item" role="option" index="12" class="sortable" aria-posinset="13" aria-setsize="20" tabindex="-1">
            
            <ids-text font-size="16" type="span">Pivot</ids-text>
          
          </div>
        </ids-swappable-item>
      
        <ids-swappable-item role="listitem" tabindex="-1" tabbable="true" index="13" id="id_item_14" aria-posinset="14" aria-setsize="20" drag-mode="select" draggable="false">
          <div part="list-item" role="option" index="13" class="sortable" aria-posinset="14" aria-setsize="20" tabindex="-1">
            
            <ids-text font-size="16" type="span">Norco</ids-text>
          
          </div>
        </ids-swappable-item>
      
        <ids-swappable-item role="listitem" tabindex="-1" tabbable="true" index="14" id="id_item_15" aria-posinset="15" aria-setsize="20" drag-mode="select" draggable="false">
          <div part="list-item" role="option" index="14" class="sortable" aria-posinset="15" aria-setsize="20" tabindex="-1">
            
            <ids-text font-size="16" type="span">Releigh</ids-text>
          
          </div>
        </ids-swappable-item>
      
        <ids-swappable-item role="listitem" tabindex="-1" tabbable="true" index="15" id="id_item_16" aria-posinset="16" aria-setsize="20" drag-mode="select" draggable="false">
          <div part="list-item" role="option" index="15" class="sortable" aria-posinset="16" aria-setsize="20" tabindex="-1">
            
            <ids-text font-size="16" type="span">Santana Cycles</ids-text>
          
          </div>
        </ids-swappable-item>
      
        <ids-swappable-item role="listitem" tabindex="-1" tabbable="true" index="16" id="id_item_17" aria-posinset="17" aria-setsize="20" drag-mode="select" draggable="false">
          <div part="list-item" role="option" index="16" class="sortable" aria-posinset="17" aria-setsize="20" tabindex="-1">
            
            <ids-text font-size="16" type="span">Transition</ids-text>
          
          </div>
        </ids-swappable-item>
      
        <ids-swappable-item role="listitem" tabindex="-1" tabbable="true" index="17" id="id_item_18" aria-posinset="18" aria-setsize="20" drag-mode="select" draggable="false">
          <div part="list-item" role="option" index="17" class="sortable" aria-posinset="18" aria-setsize="20" tabindex="-1">
            
            <ids-text font-size="16" type="span">Specialized</ids-text>
          
          </div>
        </ids-swappable-item>
      
        <ids-swappable-item role="listitem" tabindex="-1" tabbable="true" index="18" id="id_item_19" aria-posinset="19" aria-setsize="20" drag-mode="select" draggable="false">
          <div part="list-item" role="option" index="18" class="sortable" aria-posinset="19" aria-setsize="20" tabindex="-1">
            
            <ids-text font-size="16" type="span">Yeti Cycles</ids-text>
          
          </div>
        </ids-swappable-item>
      
        <ids-swappable-item role="listitem" tabindex="-1" tabbable="true" index="19" id="id_item_20" aria-posinset="20" aria-setsize="20" drag-mode="select" draggable="false">
          <div part="list-item" role="option" index="19" class="sortable" aria-posinset="20" aria-setsize="20" tabindex="-1">
            
            <ids-text font-size="16" type="span">Vitus</ids-text>
          
          </div>
        </ids-swappable-item>
      
          </ids-swappable>
          <slot></slot>
        </div>
      </div>
    
    
      </div>
    
      
    
      
    