
  <div class="ids-editor" part="editor">
    <slot id="hidden-slot" class="hidden"></slot>
    <ids-text id="editor-label" label="true" class="editor-label empty" part="editor-label">Ids Editor</ids-text>
    <div class="main-container" part="main-container">
      <div class="toolbar-container" part="toolbar-container">
        <slot name="toolbar"></slot>
      </div>
      <div class="editor-content">
        <div id="editor-container" class="editor-container" part="editor-container" aria-multiline="true" role="textbox" aria-labelledby="editor-label">
          <slot name="editor-slot" id="editor-slot"></slot>
        </div>
        <div class="source-container hidden" part="source-container">
          <div class="source-wrapper">
            <ul class="line-numbers"></ul>
            <label class="audible" for="source-textarea">Ids Editor - HTML Source View</label>
            <textarea id="source-textarea" class="source-textarea"></textarea>
          </div>
        </div>
      </div>
    </div>
  
  
  
  
  <ids-message id="errormessage-modal" status="error" message-title="No Selection!" aria-label="error: No Selection!" role="dialog" fullsize="sm" respond-down="sm">
    <ids-text slot="title" font-size="24" type="h2" id="errormessage-modal-title">No Selection!</ids-text>
    <ids-text class="demo-contents" align="left">Please make some selection to complete this task.</ids-text>
    <ids-modal-button slot="buttons" appearance="primary" id="errormessage-modal-ok">OK</ids-modal-button>
  </ids-message>
  <ids-modal id="hyperlink-modal" message-title="Insert Anchor" aria-label="Insert Anchor" role="dialog" fullsize="sm" respond-down="sm">
    <ids-text slot="title" font-size="24" type="h2" id="hyperlink-modal-title">Insert Anchor</ids-text>
    <ids-layout-grid class="data-grid-container ids-layout-grid" auto-fit="" gap="md" no-margins="true" min-col-width="300px" style="--min-col-width: 300px;">
      <ids-layout-grid-cell class="ids-layout-grid-cell">
        <ids-input id="hyperlink-modal-input-url" label="Url" value="http://www.example.com" validate="required"></ids-input>
        <ids-checkbox id="hyperlink-modal-checkbox-clickable" label="Clickable in editor"></ids-checkbox>
        <ids-input id="hyperlink-modal-input-classes" label="Css Class" value="hyperlink"></ids-input>
        
          <ids-dropdown id="hyperlink-modal-dropdown-targets" label="Target" value="_blank" role="combobox" aria-expanded="false" aria-autocomplete="list" aria-haspopup="listbox" aria-description="Press down arrow to select" aria-controls="ids-list-box-hyperlink-modal-dropdown-targets" tooltip="New Window">
            <ids-list-box size="md" id="ids-list-box-hyperlink-modal-dropdown-targets" aria-label="Listbox" role="listbox"><ids-list-box-option value="_self" role="option" tabindex="-1">Same Window</ids-list-box-option><ids-list-box-option value="_blank" role="option" tabindex="-1">New Window</ids-list-box-option></ids-list-box>
          </ids-dropdown>
        <div id="hyperlink-modal-checkbox-remove-container" class="hidden">
          <ids-checkbox id="hyperlink-modal-checkbox-remove" label="Remove hyperlink"></ids-checkbox>
        </div>
      </ids-layout-grid-cell>
    </ids-layout-grid>
    <ids-modal-button slot="buttons" id="hyperlink-modal-cancel-btn" appearance="secondary">
      <span>Cancel</span>
    </ids-modal-button>
    <ids-modal-button slot="buttons" id="hyperlink-modal-apply-btn" appearance="primary">
      <span>Apply</span>
    </ids-modal-button>
  </ids-modal>
  <ids-modal id="insertimage-modal" message-title="Insert Image" aria-label="Insert Image" role="dialog" fullsize="sm" respond-down="sm">
    <ids-text slot="title" font-size="24" type="h2" id="insertimage-modal-title">Insert Image</ids-text>
    <ids-layout-grid class="data-grid-container ids-layout-grid" auto-fit="" gap="md" no-margins="true" min-col-width="300px" style="--min-col-width: 300px;">
      <ids-layout-grid-cell class="ids-layout-grid-cell">
        <ids-input id="insertimage-modal-input-src" label="Url" value="/src/assets/images/placeholder-154x120.png" validate="required"></ids-input>
        <ids-input id="insertimage-modal-input-alt" label="Alt text" value=""></ids-input>
      </ids-layout-grid-cell>
    </ids-layout-grid>

    <ids-modal-button slot="buttons" id="insertimage-modal-cancel-btn" appearance="secondary">
      <span>Cancel</span>
    </ids-modal-button>
    <ids-modal-button slot="buttons" id="insertimage-modal-apply-btn" appearance="primary">
      <span>Apply</span>
    </ids-modal-button>
  </ids-modal></div>