<ids-dropdown id="dropdown-1" label="Normal Dropdown with Dirty Tracker" value="ca" dirty-tracker="true" role="combobox" aria-expanded="false" aria-autocomplete="list" aria-haspopup="listbox" aria-description="Press down arrow to select" aria-controls="ids-list-box-dropdown-1">
          <ids-list-box role="listbox" size="md" id="ids-list-box-dropdown-1" aria-label="Listbox">
            <ids-list-box-option id="ca" value="ca" role="option" tabindex="-1">California</ids-list-box-option>
            <ids-list-box-option id="hi" value="hi" role="option" tabindex="-1">Hawaii</ids-list-box-option>
            <ids-list-box-option id="id" value="id" role="option" tabindex="-1">Idaho</ids-list-box-option>
            <ids-list-box-option id="il" value="il" role="option" tabindex="-1">Illinois</ids-list-box-option>
            <ids-list-box-option id="in" value="in" role="option" tabindex="-1">Indiana</ids-list-box-option>
            <ids-list-box-option id="ia" value="ia" role="option" tabindex="-1">Iowa</ids-list-box-option>
            <ids-list-box-option id="ks" value="ks" role="option" tabindex="-1">Kansas</ids-list-box-option>
            <ids-list-box-option id="ky" value="ky" role="option" tabindex="-1">Kentucky</ids-list-box-option>
            <ids-list-box-option id="la" value="la" role="option" tabindex="-1">Louisiana</ids-list-box-option>
            <ids-list-box-option id="me" value="me" role="option" tabindex="-1">Maine</ids-list-box-option>
            <ids-list-box-option id="md" value="md" role="option" tabindex="-1">Maryland</ids-list-box-option>
            <ids-list-box-option id="ma" value="ma" role="option" tabindex="-1">Massachusetts</ids-list-box-option>
            <ids-list-box-option id="mi" value="mi" role="option" tabindex="-1">Michigan</ids-list-box-option>
            <ids-list-box-option id="mn" value="mn" role="option" tabindex="-1">Minnesota</ids-list-box-option>
            <ids-list-box-option id="ms" value="ms" role="option" tabindex="-1">Mississippi</ids-list-box-option>
            <ids-list-box-option id="mo" value="mo" role="option" tabindex="-1">Missouri</ids-list-box-option>
            <ids-list-box-option id="mt" value="mt" role="option" tabindex="-1">Montana</ids-list-box-option>
            <ids-list-box-option id="ne" value="ne" role="option" tabindex="-1">Nebraska</ids-list-box-option>
            <ids-list-box-option id="nv" value="nv" role="option" tabindex="-1">Nevada</ids-list-box-option>
            <ids-list-box-option id="nh" value="nh" role="option" tabindex="-1">New Hampshire</ids-list-box-option>
            <ids-list-box-option id="nj" value="nj" role="option" tabindex="-1">New Jersey</ids-list-box-option>
            <ids-list-box-option id="nm" value="nm" role="option" tabindex="-1">New Mexico</ids-list-box-option>
            <ids-list-box-option id="ny" value="ny" role="option" tabindex="-1">New York</ids-list-box-option>
            <ids-list-box-option id="nc" value="nc" role="option" tabindex="-1">North Carolina</ids-list-box-option>
            <ids-list-box-option id="nd" value="nd" role="option" tabindex="-1">North Dakota</ids-list-box-option>
            <ids-list-box-option id="oh" value="oh" role="option" tabindex="-1">Ohio</ids-list-box-option>
            <ids-list-box-option id="ok" value="ok" role="option" tabindex="-1">Oklahoma</ids-list-box-option>
            <ids-list-box-option id="or" value="or" role="option" tabindex="-1">Oregon</ids-list-box-option>
            <ids-list-box-option id="pa" value="pa" role="option" tabindex="-1">Pennsylvania</ids-list-box-option>
            <ids-list-box-option id="ri" value="ri" role="option" tabindex="-1">Rhode Island</ids-list-box-option>
            <ids-list-box-option id="sc" value="sc" role="option" tabindex="-1">South Carolina</ids-list-box-option>
            <ids-list-box-option id="sd" value="sd" role="option" tabindex="-1">South Dakota</ids-list-box-option>
            <ids-list-box-option id="tn" value="tn" role="option" tabindex="-1">Tennessee</ids-list-box-option>
            <ids-list-box-option id="tx" value="tx" role="option" tabindex="-1">Texas</ids-list-box-option>
            <ids-list-box-option id="ut" value="ut" role="option" tabindex="-1">Utah</ids-list-box-option>
            <ids-list-box-option id="vt" value="vt" role="option" tabindex="-1">Vermont</ids-list-box-option>
            <ids-list-box-option id="va" value="va" role="option" tabindex="-1">Virginia</ids-list-box-option>
            <ids-list-box-option id="wa" value="wa" role="option" tabindex="-1">Washington</ids-list-box-option>
            <ids-list-box-option id="wv" value="wv" role="option" tabindex="-1">West Virginia</ids-list-box-option>
            <ids-list-box-option id="wi" value="wi" role="option" tabindex="-1">Wisconsin</ids-list-box-option>
            <ids-list-box-option id="wy" value="wy" role="option" tabindex="-1">Wyoming</ids-list-box-option>
          </ids-list-box>
        </ids-dropdown>