// Jest Snapshot v1, https://goo.gl/fbAQLP

exports[`IdsLookup Component renders correctly 1`] = `"<ids-lookup id=\\"lookup-1\\" label=\\"Normal Lookup\\"></ids-lookup>"`;

exports[`IdsLookup Component renders correctly 2`] = `
"<style nonce=\\"undefined\\">:host { background-color: transparent; }</style>
    <ids-trigger-field label=\\"Normal Lookup\\" part=\\"trigger-field\\" size=\\"md\\" id=\\"ids-input-3\\">
      <ids-trigger-button slot=\\"trigger-end\\" part=\\"trigger-button\\" tabbable=\\"\\" readonly=\\"false\\">
        <ids-text audible=\\"true\\">LookupTriggerButton</ids-text>
        <ids-icon slot=\\"icon\\" icon=\\"search-list\\" part=\\"icon\\"></ids-icon>
      </ids-trigger-button>
    </ids-trigger-field>
    <slot name=\\"lookup-modal\\">
      <ids-modal id=\\"lookup-modal\\" aria-labelledby=\\"lookup-modal-title\\" part=\\"modal\\" message-title=\\"Normal Lookup\\" aria-label=\\"Normal Lookup\\" role=\\"dialog\\">
        <ids-text slot=\\"title\\" font-size=\\"24\\" type=\\"h2\\" id=\\"lookup-modal-title\\">Normal Lookup</ids-text>
        <ids-layout-grid class=\\"data-grid-container\\" auto=\\"true\\" gap=\\"md\\" no-margins=\\"true\\" min-col-width=\\"600px\\">
          <ids-layout-grid-cell>
            <ids-data-grid id=\\"lookup-data-grid\\" label=\\"Normal Lookup\\" part=\\"data-grid\\" list-style=\\"true\\">
            </ids-data-grid>
          </ids-layout-grid-cell>
        </ids-layout-grid>

      <ids-modal-button slot=\\"buttons\\" id=\\"modal-cancel-btn\\" type=\\"secondary\\">
        <span slot=\\"text\\">Cancel</span>
        </ids-modal-button>
        <ids-modal-button slot=\\"buttons\\" id=\\"modal-apply-btn\\" type=\\"primary\\">
          <span slot=\\"text\\">Apply</span>
        </ids-modal-button>
      </ids-modal>
    </slot>
    "
`;
