// Jest Snapshot v1, https://goo.gl/fbAQLP

exports[`IdsLookup Component renders correctly 1`] = `"<ids-lookup id=\\"lookup-1\\" label=\\"Normal Lookup\\" language=\\"en\\" locale=\\"en-US\\"></ids-lookup>"`;

exports[`IdsLookup Component renders correctly 2`] = `
"<style nonce=\\"undefined\\">:host { background-color: transparent; }</style>
    <ids-trigger-field label=\\"Normal Lookup\\" part=\\"trigger-field\\" size=\\"md\\">
      <ids-input part=\\"input\\" triggerfield=\\"true\\" label=\\"Normal Lookup\\" size=\\"md\\" validate=\\"null\\" label-hidden=\\"true\\" bg-transparent=\\"true\\" id=\\"ids-input-3\\"></ids-input>
      <ids-trigger-button part=\\"trigger-button\\" tabbable=\\"true\\" readonly=\\"false\\">
        <ids-text audible=\\"true\\" language=\\"en\\" locale=\\"en-US\\">Lookup Button</ids-text>
        <ids-icon slot=\\"icon\\" icon=\\"search-list\\" part=\\"icon\\" language=\\"en\\" locale=\\"en-US\\"></ids-icon>
      </ids-trigger-button>
    </ids-trigger-field>
    <ids-modal>
      <slot slot=\\"content\\">
      </slot>
    </ids-modal>
    "
`;
