<ids-overlay></ids-overlay><ids-popup part="modal" class="ids-modal" type="modal" position-style="viewport" animation-style="scale-in" animated="" align="center" width="" height="">
      <div class="ids-modal-container" slot="content">
        <div class="ids-modal-header ids-message-header"><ids-icon slot="icon" icon="error" class="ids-icon ids-message-status error"></ids-icon>
          <slot name="title"></slot>
        </div>
        <div class="ids-modal-content ids-message-content">
          <slot></slot>
        </div>
        <div class="ids-modal-footer ids-message-footer">
          <slot name="buttons"></slot>
        </div>
      </div>
    </ids-popup>