<ids-message id="message-example-error" status="error" role="dialog" aria-label="error: Lost connection" message-title="Lost connection">
      <ids-text slot="title" font-size="24" type="h2" id="my-message-title">Lost connection</ids-text>
      <ids-text id="my-message-contents" align="left">This application has experienced a system error due to the lack of internet access. Please restart the
        application in order to proceed.</ids-text>
      <ids-modal-button slot="buttons" appearance="secondary" id="my-message-cancel" cancel="">Cancel</ids-modal-button>
      <ids-modal-button slot="buttons" appearance="primary" id="my-message-confirm">Restart</ids-modal-button>
    </ids-message>