<div class="ids-chart-container" part="container" style="width: 700px;">
      <svg class="ids-axis-chart" part="chart" width="700" height="400" xmlns="http://www.w3.org/2000/svg"><title>A line chart showing component usage</title>
      <defs>
        
      </defs>
      <g class="grid vertical-lines hidden">
        <line x1="35.5703125" x2="35.5703125" y1="16" y2="364"></line><line x1="166.05625" x2="166.05625" y1="16" y2="364"></line><line x1="296.5421875" x2="296.5421875" y1="16" y2="364"></line><line x1="427.02812500000005" x2="427.02812500000005" y1="16" y2="364"></line><line x1="557.5140625" x2="557.5140625" y1="16" y2="364"></line><line x1="688" x2="688" y1="16" y2="364"></line>
      </g>
      <g class="grid horizontal-lines">
        <line x1="27.5703125" x2="696" y1="16" y2="16"></line><line x1="27.5703125" x2="696" y1="59.5" y2="59.5"></line><line x1="27.5703125" x2="696" y1="103" y2="103"></line><line x1="27.5703125" x2="696" y1="146.5" y2="146.5"></line><line x1="27.5703125" x2="696" y1="190" y2="190"></line><line x1="27.5703125" x2="696" y1="233.5" y2="233.5"></line><line x1="27.5703125" x2="696" y1="277" y2="277"></line><line x1="27.5703125" x2="696" y1="320.5" y2="320.5"></line><line x1="27.5703125" x2="696" y1="364" y2="364"></line>
      </g>
      
      <g class="labels x-labels">
        <text x="35.5703125" y="384" aria-hidden="true">Jan</text><text x="166.05625" y="384" aria-hidden="true">Feb</text><text x="296.5421875" y="384" aria-hidden="true">Mar</text><text x="427.02812500000005" y="384" aria-hidden="true">Apr</text><text x="557.5140625" y="384" aria-hidden="true">May</text><text x="688" y="384" aria-hidden="true">Jun</text>
      </g>
      <g class="labels y-labels">
        <text x="19.5703125" y="19" aria-hidden="true">8K</text><text x="19.5703125" y="62.5" aria-hidden="true">7K</text><text x="19.5703125" y="106" aria-hidden="true">6K</text><text x="19.5703125" y="149.5" aria-hidden="true">5K</text><text x="19.5703125" y="193" aria-hidden="true">4K</text><text x="19.5703125" y="236.5" aria-hidden="true">3K</text><text x="19.5703125" y="280" aria-hidden="true">2K</text><text x="19.5703125" y="323.5" aria-hidden="true">1K</text><text x="19.5703125" y="367" aria-hidden="true">0</text>
      </g>
      <g class="labels axis-labels">
        
      </g></svg>
      <slot name="legend"><div class="chart-legend" style=""><a data-index="0" class="chart-legend-item" aria-hidden="true"><div class="swatch color-1"></div>Component A</a><a data-index="1" class="chart-legend-item" aria-hidden="true"><div class="swatch color-2"></div>Component B</a><a data-index="2" class="chart-legend-item" aria-hidden="true"><div class="swatch color-3"></div>Component C</a></div></slot>
      <slot name="empty-message">
        <ids-empty-message icon="empty-no-data" style="" hidden="">
          <ids-text type="h2" font-size="20" label="true" slot="label">No data available</ids-text>
        </ids-empty-message>
      </slot>
      <slot name="tooltip">
        <ids-tooltip id="tooltip"></ids-tooltip>
      </slot>
    </div>