// Jest Snapshot v1, https://goo.gl/fbAQLP

exports[`IdsSwappable Component renders correctly 1`] = `
"<ids-swappable id=\\"swappable-1\\" multi-select=\\"\\" dropzone=\\"move\\">
      <ids-swappable-item draggable=\\"true\\" tabbable=\\"true\\" tabindex=\\"0\\"></ids-swappable-item>
      <ids-swappable-item draggable=\\"true\\" tabbable=\\"true\\" tabindex=\\"0\\"></ids-swappable-item>
      <ids-swappable-item draggable=\\"true\\" tabbable=\\"true\\" tabindex=\\"0\\"></ids-swappable-item>
      <ids-swappable-item draggable=\\"true\\" tabbable=\\"true\\" tabindex=\\"0\\"></ids-swappable-item>
    </ids-swappable>"
`;
