<ids-list-view item-height="76" loaded="true">
              <template>
                <ids-text font-size="16" type="h2">${subject}</ids-text>
                <ids-text font-size="12" type="span">ID: ${id}</ids-text>
                <ids-text font-size="12" type="span">Comments: ${comments}</ids-text>
              </template>
            </ids-list-view>