<ids-list-box role="listbox">
        <ids-list-box-option role="option" tabindex="-1">Option One</ids-list-box-option>
        <ids-list-box-option role="option" tabindex="-1">Option Two</ids-list-box-option>
        <ids-list-box-option role="option" tabindex="-1">Option Three</ids-list-box-option>
      </ids-list-box>