// Jest Snapshot v1, https://goo.gl/fbAQLP

exports[`IdsMenu Component IdsMenuItem can render a new item correctly 1`] = `"<ids-menu-item id=\\"newitem\\" disabled=\\"\\" icon=\\"settings\\" selected=\\"\\"><ids-icon slot=\\"icon\\" icon=\\"settings\\" size=\\"medium\\" class=\\"ids-icon ids-menu-item-display-icon\\" language=\\"en\\" locale=\\"en-US\\"></ids-icon></ids-menu-item>"`;
