// Jest Snapshot v1, https://goo.gl/fbAQLP

exports[`IdsCounts Component renders correctly 1`] = `"<ids-counts><ids-text count-value=\\"\\" font-size=\\"48\\" language=\\"en\\" locale=\\"en-US\\"></ids-text><ids-text count-text=\\"\\" font-size=\\"16\\" language=\\"en\\" locale=\\"en-US\\">Active <br> Opportunities</ids-text></ids-counts>"`;
