// Jest Snapshot v1, https://goo.gl/fbAQLP

exports[`IdsMenu Component IdsMenuItem can render a new item correctly 1`] = `"<ids-menu-item id="newitem" icon="settings" viewbox="0 0 20 20" selected=""><ids-icon slot="icon" icon="settings" size="small" part="icon" class="ids-icon ids-menu-item-display-icon" style="--ids-icon-height-default: 16px; --ids-icon-width-default: 16px;"></ids-icon></ids-menu-item>"`;
