
      <div part="splitter" role="presentation" class="ids-splitter axis-x">
        <slot></slot>
      
          <ids-draggable axis="x" id="split-1" aria-orientation="horizontal" role="separator" aria-label="Resize" tabindex="0" class="splitter-dragger" aria-valuenow="0" min-transform-x="0" max-transform-x="800" style="transform: translateX(240px);">
            <div class="split-bar" part="split-bar" role="presentation">
              <div class="splitter-drag-handle"></div>
            </div>
          <ids-draggable aria-valuenow="0"></ids-draggable></ids-draggable></div>