<ids-spinbox value="0" label="Basic Spinbox" role="spinbutton" aria-valuenow="0" aria-label="Basic Spinbox" tabbable="false" size="sm" text-align="center"><ids-trigger-button id="decrement-btn" inline="" no-padding="" square="" slot="trigger-start" part="button" class="sm"> - </ids-trigger-button><ids-trigger-button id="increment-btn" inline="" no-padding="" square="" slot="trigger-end" part="button"> + </ids-trigger-button></ids-spinbox>