
      <div class="ids-slider">
        <div class="slider" style="--percentStart: 0; --percentEnd: 0;">
          <div class="track-area">
            <ids-draggable tabindex="0" class="thumb-draggable" axis="x" parent-containment="" role="slider" aria-orientation="horizontal" aria-valuemin="0" aria-valuemax="100" aria-valuenow="0" aria-valuetext="0" aria-label="Single-thumb" style="transform: translate(-166px, 0px);">
              <div class="thumb-shadow"></div>
              <div class="thumb">
                <div class="tooltip">
                  <ids-text class="text">0</ids-text>
                  <div class="pin"></div>
                </div>
              </div>
            </ids-draggable>
            
          </div>
          <div class="track">
          <div class="track-progress"></div>
            <div class="tick-container">
              <span class="tick"><ids-text label="true" class="label">0</ids-text></span>
              <span class="tick"><ids-text label="true" class="label">100</ids-text></span>
            </div>
          </div>
        </div>
      </div>
    