<ids-hierarchy>
      <ids-hierarchy-item id="item-1" root-item="true" expanded="true" color="blue-80">
        <img id="headshot" alt="item-1" slot="avatar" src="/src/assets/images/headshot-1.jpg">
        <ids-text slot="heading">Tony Cleveland</ids-text>
        <ids-text slot="subheading">Director</ids-text>
        <ids-text slot="micro">FT</ids-text>
        <div slot="menu">
          <ids-menu-button part="icon-menu" menu="item-menu-id-one" id="item-menu-btn-id-one" aria-controls="item-menu-id-one" aria-haspopup="menu">
            <span class="audible">Popup Menu Button</span>
            <ids-icon icon="more"></ids-icon>
          </ids-menu-button>
          <ids-popup-menu id="item-menu-id-one" target="#item-menu-btn-id-one" trigger-type="click" hidden="">
            <ids-menu-group role="group" aria-label="Menu group containing 3 item(s)">
              <ids-menu-item value="1">Option One</ids-menu-item>
              <ids-menu-item value="2">Option Two</ids-menu-item>
              <ids-menu-item value="3">Option Three</ids-menu-item>
            </ids-menu-group>
          </ids-popup-menu>
        </div>

        <ids-hierarchy-item id="item-2" color="teal-20">
          <ids-text slot="heading">Julie Dawes</ids-text>
          <ids-text slot="subheading">Records Clerk</ids-text>
          <ids-text slot="micro">PT</ids-text>
          <div slot="menu">
            <ids-menu-button part="icon-menu" menu="item-menu-id-two" id="item-menu-btn-id-two" aria-controls="item-menu-id-two" aria-haspopup="menu">
              <span class="audible">Popup Menu Button</span>
              <ids-icon icon="more"></ids-icon>
            </ids-menu-button>
            <ids-popup-menu id="item-menu-id-two" target="#item-menu-btn-id-two" trigger-type="click" hidden="">
              <ids-menu-group role="group" aria-label="Menu group containing 4 item(s)">
                <ids-menu-item value="1">Option One</ids-menu-item>
                <ids-menu-item value="2">Option Two</ids-menu-item>
                <ids-menu-item value="3">Option Three</ids-menu-item>
                <ids-menu-item>More Options
                  <ids-popup-menu slot="submenu" aria-expanded="false" hidden="">
                    <ids-menu-group role="group" aria-label="Menu group containing 3 item(s)">
                      <ids-menu-item value="4">Option Four</ids-menu-item>
                      <ids-menu-item value="5">Option Five</ids-menu-item>
                      <ids-menu-item value="6">Option Six</ids-menu-item>
                    </ids-menu-group>
                  </ids-popup-menu>
                </ids-menu-item>
              </ids-menu-group>
            </ids-popup-menu>
          </div>
        </ids-hierarchy-item>
        <ids-hierarchy-item id="item-3" color="purple-60">
          <ids-text slot="heading">Kaylee Edwards</ids-text>
          <ids-text slot="subheading">Records Manager</ids-text>
          <ids-text slot="micro">C</ids-text>
          <div slot="menu">
            <ids-menu-button part="icon-menu" menu="item-menu-id-three" id="item-menu-btn-id-three" aria-controls="item-menu-id-three" aria-haspopup="menu">
              <span class="audible">Popup Menu Button</span>
              <ids-icon icon="more"></ids-icon>
            </ids-menu-button>
            <ids-popup-menu id="item-menu-id-three" target="#item-menu-btn-id-three" trigger-type="click" hidden="">
              <ids-menu-group role="group" aria-label="Menu group containing 3 item(s)">
                <ids-menu-item value="1">Option One</ids-menu-item>
                <ids-menu-item value="2">Option Two</ids-menu-item>
                <ids-menu-item value="3">Option Three</ids-menu-item>
              </ids-menu-group>
            </ids-popup-menu>
          </div>

          <ids-hierarchy-item id="item-4" color="neutral-60">
            <ids-text slot="heading">Julie Dawes</ids-text>
            <ids-text slot="subheading">Records Clerk</ids-text>
            <ids-text slot="micro">OP</ids-text>

            <ids-hierarchy-item id="item-5" color="purple-60">
              <ids-text slot="heading">Tony Cleveland</ids-text>
              <ids-text slot="subheading">Director</ids-text>
              <ids-text slot="micro">C</ids-text>
            </ids-hierarchy-item>
          </ids-hierarchy-item>
        </ids-hierarchy-item>
      </ids-hierarchy-item>
    </ids-hierarchy>