
      <div class="ids-time-picker field-height-md" part="container">
        <ids-trigger-field id="e2e-timepicker-default" field-height="md" label="Time Picker - default" size="sm" placeholder="Default" value="" validation-events="change blur" part="input" aria-controls="popup-e2e-timepicker-default">
          <ids-text audible="true" translate-text="true" translation-key="UseArrow">. Use arrow keys to select.</ids-text>
          <ids-trigger-button slot="trigger-end" part="trigger-button" id="triggerBtn-e2e-timepicker-default" field-height="md" aria-controls="popup-e2e-timepicker-default">
            <ids-text audible="true" translate-text="true" translation-key="TimepickerTriggerButton">Click to open time picker</ids-text>
            <ids-icon icon="clock" part="icon"></ids-icon>
          </ids-trigger-button>
        </ids-trigger-field>
        <ids-time-picker-popup id="popup-e2e-timepicker-default" align="left, top" animated="" arrow="bottom" format="h:mm a" trigger-type="click" use-current-time="true" focus-inline="true" hours="2" minutes="55" value="2:55 PM" seconds="0" period="PM" target="#e2e-timepicker-default" trigger-elem="#triggerBtn-e2e-timepicker-default"></ids-time-picker-popup>
      <div>
    </div></div>