// Jest Snapshot v1, https://goo.gl/fbAQLP

exports[`IdsTriggerField Component renders correctly 1`] = `"<ids-trigger-field><ids-input triggerfield=\\"true\\"></ids-input><ids-trigger-button role=\\"button\\"></ids-trigger-button></ids-trigger-field>"`;

exports[`IdsTriggerField Component renders correctly 2`] = `"<ids-trigger-field><ids-input triggerfield=\\"true\\"></ids-input><ids-trigger-button role=\\"button\\"></ids-trigger-button></ids-trigger-field>"`;
