// Jest Snapshot v1, https://goo.gl/fbAQLP

exports[`IdsVirtualScroll Component renders correctly 1`] = `"<div class=\\"ids-list-view-body\\" part=\\"style-wrapper\\"><div part=\\"list-item\\" class=\\"ids-virtual-scroll-item\\">Jamis Bicycles</div><div part=\\"list-item\\" class=\\"ids-virtual-scroll-item\\">Trek Bicycle Corporation</div><div part=\\"list-item\\" class=\\"ids-virtual-scroll-item\\">Santa Cruz</div><div part=\\"list-item\\" class=\\"ids-virtual-scroll-item\\">Tomac</div></div>"`;
